exports[`test # Not found page 1`] = `
<h1>
  Page not found
</h1>
`;
