// Jest Snapshot v1, https://goo.gl/fbAQLP

exports[`# Login page 1`] = `
<div
  className="jumbotron"
>
  <h2>
    Experts portal:
  </h2>
  <p>
    Please log in. Or 
    <Link
      onlyActiveOnIndex={false}
      style={Object {}}
      to="/register"
    >
      register
    </Link>
  </p>
  <form>
    <div
      className="form-group"
    >
      <label
        htmlFor="inputUsername"
      >
        Username:
      </label>
      <input
        className="form-control"
        id="inputUsername"
        placeholder="Username"
        type="text"
      />
    </div>
    <div
      className="form-group"
    >
      <label
        htmlFor="inputPassword"
      >
        Password
      </label>
      <input
        className="form-control"
        id="inputPassword"
        placeholder="Password"
        type="password"
      />
    </div>
    <div
      className="checkbox"
    >
      <label
        htmlFor="inputRemember"
      >
        <input
          id="inputRemember"
          type="checkbox"
        />
         Remember me
      </label>
    </div>
    <button
      className="btn btn-default"
      onClick={[Function]}
      type="submit"
    >
      Login
    </button>
  </form>
</div>
`;

exports[`# Login page wrapper 1`] = `
<Login
  navToHome={[Function]}
  onLoginClick={[Function]}
  store={
    Object {
      "clearActions": [Function],
      "dispatch": [Function],
      "getActions": [Function],
      "getState": [Function],
      "replaceReducer": [Function],
      "subscribe": [Function],
    }
  }
  storeSubscription={
    Subscription {
      "listeners": Object {
        "notify": [Function],
      },
      "onStateChange": [Function],
      "parentSub": undefined,
      "store": Object {
        "clearActions": [Function],
        "dispatch": [Function],
        "getActions": [Function],
        "getState": [Function],
        "replaceReducer": [Function],
        "subscribe": [Function],
      },
      "unsubscribe": null,
    }
  }
/>
`;
