exports[`test # App 1`] = `
<div
  className="container">
  test
  <Component />
</div>
`;
