exports[`test # Footer 1`] = `
<footer
  style={
    Object {
      "bottom": "0",
      "position": "absolute",
      "width": "100%",
    }
  }>
  <div
    className="row">
    <div
      className="col-xs-11 col-sm-9 col-md-7">
      <Connect(Notifications) />
    </div>
  </div>
</footer>
`;
